[www.nyu.edu/classes/stephens/index.html]
[backblue.gif]
[fade.gif]
[index.html]
[www.nyu.edu/classes/stephens/MS_home_frame2.html]
[www.nyu.edu/classes/stephens/MS_home_4.html]
[www.nyu.edu/classes/stephens/index.html]
[www.nyu.edu/classes/stephens/bio.html]
[www.nyu.edu/classes/stephens/roadthinker_home.html]
[www.nyu.edu/classes/stephens/Recent_Work.html]
[www.nyu.edu/classes/stephens/Books page.html]
[www.nyu.edu/classes/stephens/Articles page.html]
[www.nyu.edu/classes/stephens/Video page.html]
[www.nyu.edu/classes/stephens/Textbooks page.html]
[www.nyu.edu/classes/stephens/Courses page.html]
[www.nyu.edu/classes/stephens/MS_home_frame2.html]
[www.nyu.edu/classes/stephens/Radio page.html]
[www.nyu.edu/classes/stephens/Radio.jpg]
[www.nyu.edu/classes/stephens/NPR.jpg]
[www.nyu.edu/classes/stephens/Articles on Media page.html]
[www.nyu.edu/classes/stephens/The New TV page.html]
[www.nyu.edu/classes/stephens/Digital Wizards page.html]
[www.nyu.edu/classes/stephens/Rock of Ages page.html]
[www.nyu.edu/classes/stephens/Radio history page.html]
[www.nyu.edu/classes/stephens/JQ page.html]
[www.nyu.edu/classes/stephens/rise of the image page.html]
[www.nyu.edu/classes/stephens/History of News Page.html]
[www.nyu.edu/classes/stephens/Articles on thought page.html]
[www.nyu.edu/classes/stephens/Jacques Derrida - NYT - page.html]
[www.nyu.edu/classes/stephens/Habermas page.html]
[www.nyu.edu/classes/stephens/Greenblatt page.html]
[www.nyu.edu/classes/stephens/Postmodern psych page.html]
[www.nyu.edu/classes/stephens/Globalization page.html]
[www.nyu.edu/classes/stephens/rise of the image - Wilson Quarterly.html]
[www.nyu.edu/classes/stephens/History of News - WP Review.html]
[www.nyu.edu/classes/stephens/Broadcast News page.html]
[www.nyu.edu/classes/stephens/W & R page.html]
[www.nyu.edu/classes/stephens/N.jpg]
[www.nyu.edu/classes/stephens/Y.jpg]
[www.nyu.edu/classes/stephens/U.jpg]
[www.nyu.edu/classes/stephens/Top 100 page.html]
[www.nyu.edu/classes/stephens/Top 100.jpg]
[www.nyu.edu/classes/stephens/courses.jpg]
[www.nyu.edu/classes/stephens/video.jpg]
[www.nyu.edu/classes/stephens/keyboard 1- ency.jpg]
[www.nyu.edu/classes/stephens/Collier's page.html]
[www.nyu.edu/classes/stephens/History of Television page.html]
[www.nyu.edu/classes/stephens/Map.html]
[www.nyu.edu/classes/stephens/MitchellStephens.jpg]
[www.nyu.edu/classes/stephens/world_map_gen.jpg]
[www.nyu.edu/classes/stephens/rise of image-cover 2.jpg]
[www.nyu.edu/classes/stephens/word books 2.jpg]
[www.nyu.edu/classes/stephens/History of News.jpg]
[www.nyu.edu/classes/stephens/Idea Beat 2.jpg]
[www.nyu.edu/classes/stephens/Tikkun page.html]
[www.nyu.edu/classes/stephens/Jacques Derrida - LAT page.html]
[www.nyu.edu/classes/stephens/text graphic.jpg]
[www.nyu.edu/classes/stephens/Media 3.jpg]
[www.nyu.edu/classes/stephens/Name.jpg]
[www.nyu.edu/classes/stephens/MS_home_4.html]
[www.nyu.edu/classes/stephens/Bio - Frame 2.html]
[www.nyu.edu/classes/stephens/bio - text page.html]
[www.nyu.edu/classes/stephens/bio.html]
[www.nyu.edu/classes/stephens/k_road_explained.html]
[www.nyu.edu/classes/stephens/Kyrgyz_road.jpg]
[www.nyu.edu/classes/stephens/MS_Home.html]
[www.nyu.edu/classes/stephens/Road_Video_Page.html]
[www.nyu.edu/classes/stephens/Journal_4.html]
[www.nyu.edu/classes/stephens/Journal.html]
[www.nyu.edu/classes/stephens/Journal_1B.html]
[www.nyu.edu/classes/stephens/Journal_2.html]
[www.nyu.edu/classes/stephens/Journal_3.html]
[www.nyu.edu/classes/stephens/Journal_2]
[www.nyu.edu/classes/stephens/Sea.html]
[www.nyu.edu/classes/stephens/Journal_1B]
[www.nyu.edu/classes/stephens/Border_photo_page.html]
[www.nyu.edu/classes/stephens/border_road.jpg]
[www.nyu.edu/classes/stephens/roadthinker_home.html]
[www.nyu.edu/classes/stephens/International History page.html]
[www.nyu.edu/classes/stephens/Doors in Movies page.html]
[www.nyu.edu/classes/stephens/Recent_Work.html]
[www.nyu.edu/classes/stephens/rise of image -- SF Chronicle page.html]
[www.nyu.edu/classes/stephens/rise of image - Houston Chronicle page.html]
[www.nyu.edu/classes/stephens/rise of image - AJR page.html]
[www.nyu.edu/classes/stephens/History of News - New York Times Review.html]
[www.nyu.edu/classes/stephens/CV.html]
[www.nyu.edu/classes/stephens/Books page.html]
[www.nyu.edu/classes/stephens/Parliament page.html]
[www.nyu.edu/classes/stephens/Hidden Cameras page.html]
[www.nyu.edu/classes/stephens/Top 100 - German page.html]
[www.nyu.edu/classes/stephens/Winston book page.html]
[www.nyu.edu/classes/stephens/Let Pictures Speculate page.html]
[www.nyu.edu/classes/stephens/About Murdoch page.html]
[www.nyu.edu/classes/stephens/Corporations and Ed Page.html]
[www.nyu.edu/classes/stephens/Death of Reading page.html]
[www.nyu.edu/classes/stephens/Persian Gulf Page.html]
[www.nyu.edu/classes/stephens/Yellow Kids page.html]
[www.nyu.edu/classes/stephens/Steinberg page.html]
[www.nyu.edu/classes/stephens/Articles page.html]
[www.nyu.edu/classes/stephens/Viewing_Info.html]
[www.nyu.edu/classes/stephens/Pula_still.jpg]
[www.nyu.edu/classes/stephens/old_video_page.html]
[www.nyu.edu/classes/stephens/Believe frame 3.jpg]
[www.nyu.edu/classes/stephens/Endless_Video.html]
[www.nyu.edu/classes/stephens/Video page.html]
[www.nyu.edu/classes/stephens/Textbooks page.html]
[www.nyu.edu/classes/stephens/Journalistic Tradition page.html]
[www.nyu.edu/classes/stephens/Media Criticism page.html]
[www.nyu.edu/classes/stephens/History of Media page.html]
[www.nyu.edu/classes/stephens/Courses page.html]
[www.nyu.edu/classes/stephens/Wishes page.html]
[www.nyu.edu/classes/stephens/Model T Stage.html]
[www.nyu.edu/classes/stephens/Golden Age page.html]
[www.nyu.edu/classes/stephens/Radio page.html]
[www.nyu.edu/classes/stephens/Articles on Media page.html]
[www.nyu.edu/classes/stephens/The New TV page.html]
[www.nyu.edu/classes/stephens/Chronicle 1.jpg]
[www.nyu.edu/classes/stephens/Chronicle 2.jpg]
[www.nyu.edu/classes/stephens/Digital Wizards page.html]
[www.nyu.edu/classes/stephens/Rock of Ages page.html]
[www.nyu.edu/classes/stephens/Radio history page.html]
[www.nyu.edu/classes/stephens/JQ 1.jpg]
[www.nyu.edu/classes/stephens/JQ 2.jpg]
[www.nyu.edu/classes/stephens/JQ 3.jpg]
[www.nyu.edu/classes/stephens/JQ page.html]
[www.nyu.edu/classes/stephens/rise of image - Contents.html]
[www.nyu.edu/classes/stephens/rise of the image - preface.html]
[www.nyu.edu/classes/stephens/rise of image - Intro.html]
[www.nyu.edu/classes/stephens/rise of the image - jacket copy.jpg]
[www.nyu.edu/classes/stephens/rise of the image page.html]
[www.nyu.edu/classes/stephens/HON Penguin.jpg]
[www.nyu.edu/classes/stephens/HON Viking.jpg]
[www.nyu.edu/classes/stephens/HON Brazil.jpg]
[www.nyu.edu/classes/stephens/HON japanese.jpg]
[www.nyu.edu/classes/stephens/HON Korean.jpg]
[www.nyu.edu/classes/stephens/HON - noted with pleasure.jpg]
[www.nyu.edu/classes/stephens/History of News Page.html]
[www.nyu.edu/classes/stephens/Articles on thought page.html]
[www.nyu.edu/classes/stephens/Derrida - NYT.htm]
[www.nyu.edu/classes/stephens/Jacques Derrida - NYT - page.html]
[www.nyu.edu/classes/stephens/Habermas page.html]
[www.nyu.edu/classes/stephens/Greenblatt page.html]
[www.nyu.edu/classes/stephens/Postmodern psych page.html]
[www.nyu.edu/classes/stephens/Globalization page.html]
[www.nyu.edu/classes/stephens/rise of the image - Wilson Quarterly.html]
[www.nyu.edu/classes/stephens/History of News - WP Review.html]
[www.nyu.edu/classes/stephens/Broadcast News.jpg]
[www.nyu.edu/classes/stephens/Broadcast News II.jpg]
[www.nyu.edu/classes/stephens/Broadcast News I.jpg]
[www.nyu.edu/classes/stephens/Broadcast News page.html]
[www.nyu.edu/classes/stephens/Writing & Reporting.jpg]
[www.nyu.edu/classes/stephens/Writing & Reporting I.jpg]
[www.nyu.edu/classes/stephens/W & R page.html]
[www.nyu.edu/classes/stephens/Top 100 nominations page.html]
[www.nyu.edu/classes/stephens/Top 100 NY Times page.html]
[www.nyu.edu/classes/stephens/Top 100 page.html]
[www.nyu.edu/classes/stephens/Collier's page.html]
[www.nyu.edu/classes/stephens/History of Television page.html]
[www.nyu.edu/classes/stephens/world_map_now.jpg]
[www.nyu.edu/classes/stephens/Map.html]
[www.nyu.edu/classes/stephens/Tikkun1.jpg]
[www.nyu.edu/classes/stephens/Tikkun2.jpg]
[www.nyu.edu/classes/stephens/Tikkun3.jpg]
[www.nyu.edu/classes/stephens/Tikkun4.jpg]
[www.nyu.edu/classes/stephens/Tikkun page.html]
[www.nyu.edu/classes/stephens/Jacques Derrida - LAT page.html]
[www.nyu.edu/classes/stephens/Personal data.html]
[www.nyu.edu/classes/stephens/Bio - Frame 2.html]
[www.nyu.edu/classes/stephens/my photo.jpg]
[www.nyu.edu/classes/stephens/bio - text page.html]
[www.nyu.edu/classes/stephens/k_road_explained.html]
[www.nyu.edu/classes/stephens/MS_Home.html]
[www.nyu.edu/classes/stephens/dawn.html]
[www.nyu.edu/classes/stephens/leaving_frame2.jpg]
[www.nyu.edu/classes/stephens/FAST.html]
[www.nyu.edu/classes/stephens/fast_frame.jpg]
[www.nyu.edu/classes/stephens/Romance.html]
[www.nyu.edu/classes/stephens/island_still2.jpg]
[www.nyu.edu/classes/stephens/sea_still.jpg]
[www.nyu.edu/classes/stephens/CHIEF.html]
[www.nyu.edu/classes/stephens/chief.jpg]
[www.nyu.edu/classes/stephens/Pula_Kids.html]
[www.nyu.edu/classes/stephens/Desert.html]
[www.nyu.edu/classes/stephens/desert_still.jpg]
[www.nyu.edu/classes/stephens/MOVE.html]
[www.nyu.edu/classes/stephens/move_still.jpg]
[www.nyu.edu/classes/stephens/IDLE.html]
[www.nyu.edu/classes/stephens/Idle_still.jpg]
[www.nyu.edu/classes/stephens/Road_Video_Page.html]
[www.nyu.edu/classes/stephens/Journal_4.html]
[www.nyu.edu/classes/stephens/Journal_4.90.delayed]
[www.nyu.edu/classes/stephens/Journal.html]
[www.nyu.edu/classes/stephens/Journal_1B.html]
[www.nyu.edu/classes/stephens/Journal_2.html]
[www.nyu.edu/classes/stephens/Journal_3.html]
[www.nyu.edu/classes/stephens/Journal_2-2.html]
[www.nyu.edu/classes/stephens/Sea.rm]
[www.nyu.edu/classes/stephens/Sea.ram]
[www.nyu.edu/classes/stephens/Sea.html]
[www.nyu.edu/classes/stephens/Journal_1B-2.html]
[www.nyu.edu/classes/stephens/Border_photo_page.html]
[www.nyu.edu/classes/stephens/International History page.html]
[www.nyu.edu/classes/stephens/Doors in Movies page.html]
[www.nyu.edu/classes/stephens/rise of image -- SF Chronicle.jpg]
[www.nyu.edu/classes/stephens/rise of image -- SF Chronicle page.html]
[www.nyu.edu/classes/stephens/rise of image - Houston Chronicle page.html]
[www.nyu.edu/classes/stephens/rise of image - AJR.jpg]
[www.nyu.edu/classes/stephens/rise of image - AJR page.html]
[www.nyu.edu/classes/stephens/History of News - New York Times Review.html]
[www.nyu.edu/classes/stephens/Video page.95.delayed]
[www.nyu.edu/classes/stephens/CV.html]
[www.nyu.edu/classes/stephens/Parliament page.html]
[www.nyu.edu/classes/stephens/Hidden Cameras page.html]
[www.nyu.edu/classes/stephens/Top 100 - German page.html]
[www.nyu.edu/classes/stephens/Winston book page.html]
[www.nyu.edu/classes/stephens/Let Pictures Speculate page.html]
[www.nyu.edu/classes/stephens/About Murdoch page.html]
[www.nyu.edu/classes/stephens/Corporations and Ed Page.html]
[www.nyu.edu/classes/stephens/Death of Reading page.html]
[www.nyu.edu/classes/stephens/Persian Gulf Page.html]
[www.nyu.edu/classes/stephens/Yellow Kids page.html]
[www.nyu.edu/classes/stephens/Steinberg page.html]
[www.nyu.edu/classes/stephens/Viewing_Info.html]
[www.nyu.edu/classes/stephens/Their_Eyes.html]
[www.nyu.edu/classes/stephens/Their_Eyes_Image_Ephron.jpg]
[www.nyu.edu/classes/stephens/Uncomfortable_Information.html]
[www.nyu.edu/classes/stephens/Uncomfortable_Info_image_hug.jpg]
[www.nyu.edu/classes/stephens/Noise_Video.html]
[www.nyu.edu/classes/stephens/Noise_Still2.jpg]
[www.nyu.edu/classes/stephens/Elian_video.html]
[www.nyu.edu/classes/stephens/Elian_Image_Face.jpg]
[www.nyu.edu/classes/stephens/Endless_Still.jpg]
[www.nyu.edu/classes/stephens/Believe_Video.html]
[www.nyu.edu/classes/stephens/Kids_Today_Video.html]
[www.nyu.edu/classes/stephens/Kids_Today_Still.jpg]
[www.nyu.edu/classes/stephens/old_video_page.html]
[www.nyu.edu/classes/stephens/Endless_Video.rm]
[www.nyu.edu/classes/stephens/Endless_Video.html]
[www.nyu.edu/classes/stephens/Journalistic Tradition page.html]
[www.nyu.edu/classes/stephens/Media Criticism page.html]
[www.nyu.edu/classes/stephens/History of Media page.html]
[www.nyu.edu/classes/stephens/Wishes page.html]
[www.nyu.edu/classes/stephens/Model T Stage.html]
[www.nyu.edu/classes/stephens/Golden Age page.html]
[www.nyu.edu/classes/stephens/rise of image - Contents.html]
[www.nyu.edu/classes/stephens/rise of the image - preface.html]
[www.nyu.edu/classes/stephens/rise of image - Intro.html]
[www.nyu.edu/classes/stephens/Derrida - NYT.html]
[www.nyu.edu/classes/stephens/Top 100 nominations page.html]
[www.nyu.edu/classes/stephens/Top 100 NY Times page.html]
[www.nyu.edu/classes/stephens/Endless_Video.ram]
[www.nyu.edu/classes/stephens/Personal data.html]
[www.nyu.edu/classes/stephens/Favorite Beatle page.html]
[www.nyu.edu/classes/stephens/dawn.a5.delayed]
[www.nyu.edu/classes/stephens/dawn.ram]
[www.nyu.edu/classes/stephens/dawn.html]
[www.nyu.edu/classes/stephens/FAST.rm]
[www.nyu.edu/classes/stephens/FAST.ram]
[www.nyu.edu/classes/stephens/FAST.html]
[www.nyu.edu/classes/stephens/Romance.rm]
[www.nyu.edu/classes/stephens/Romance.ram]
[www.nyu.edu/classes/stephens/Romance.html]
[www.nyu.edu/classes/stephens/CHIEF.rm]
[www.nyu.edu/classes/stephens/CHIEF.ram]
[www.nyu.edu/classes/stephens/CHIEF.html]
[www.nyu.edu/classes/stephens/Pula_Kids.rm]
[www.nyu.edu/classes/stephens/Pula_Kids.ram]
[www.nyu.edu/classes/stephens/Pula_Kids.html]
[www.nyu.edu/classes/stephens/Desert.rm]
[www.nyu.edu/classes/stephens/Desert.ram]
[www.nyu.edu/classes/stephens/Desert.html]
[www.nyu.edu/classes/stephens/MOVE.rm]
[www.nyu.edu/classes/stephens/MOVE.ram]
[www.nyu.edu/classes/stephens/MOVE.html]
[www.nyu.edu/classes/stephens/IDLE.rm]
[www.nyu.edu/classes/stephens/IDLE.ram]
[www.nyu.edu/classes/stephens/IDLE.html]
[www.nyu.edu/classes/stephens/Journal_4-2.html]
[www.nyu.edu/classes/stephens/Sea-2.html]
[www.nyu.edu/classes/stephens/--stop--]
[www.nyu.edu/classes/stephens/Sea.ram]
[www.nyu.edu/classes/stephens/Video page-2.html]
[www.nyu.edu/classes/stephens/Their_Eyes.rm]
[www.nyu.edu/classes/stephens/Their_Eyes.ram]
[www.nyu.edu/classes/stephens/Their_Eyes.html]
[www.nyu.edu/classes/stephens/Uncomfortable_Information.rm]
[www.nyu.edu/classes/stephens/Uncomfortable_Information.ram]
[www.nyu.edu/classes/stephens/Uncomfortable_Information.html]
[www.nyu.edu/classes/stephens/Noise_Video.rm]
[www.nyu.edu/classes/stephens/Noise_Video.ram]
[www.nyu.edu/classes/stephens/Noise_Video.html]
[www.nyu.edu/classes/stephens/Elian_video.bc.delayed]
[www.nyu.edu/classes/stephens/Elian_video.ram]
[www.nyu.edu/classes/stephens/Elian_video.html]
[www.nyu.edu/classes/stephens/Believe_Video.rm]
[www.nyu.edu/classes/stephens/Believe_Video.ram]
[www.nyu.edu/classes/stephens/Believe_Video.html]
[www.nyu.edu/classes/stephens/Kids_Today_Video.rm]
[www.nyu.edu/classes/stephens/Kids_Today_Video.ram]
[www.nyu.edu/classes/stephens/Kids_Today_Video.html]
[www.nyu.edu/classes/stephens/Endless_Video-2.html]
[www.nyu.edu/classes/stephens/Endless_Video.ram]
[www.nyu.edu/classes/stephens/favorites page.html]
[www.nyu.edu/classes/stephens/Favorite Beatle page.html]
[www.nyu.edu/classes/stephens/dawn-2.html]
[www.nyu.edu/classes/stephens/dawn.ram]
[www.nyu.edu/classes/stephens/FAST-2.html]
[www.nyu.edu/classes/stephens/FAST.ram]
[www.nyu.edu/classes/stephens/Romance-2.html]
[www.nyu.edu/classes/stephens/Romance.ram]
[www.nyu.edu/classes/stephens/CHIEF-2.html]
[www.nyu.edu/classes/stephens/CHIEF.ram]
[www.nyu.edu/classes/stephens/Pula_Kids-2.html]
[www.nyu.edu/classes/stephens/Pula_Kids.ram]
[www.nyu.edu/classes/stephens/Desert-2.html]
[www.nyu.edu/classes/stephens/Desert.ram]
[www.nyu.edu/classes/stephens/MOVE-2.html]
[www.nyu.edu/classes/stephens/MOVE.ram]
[www.nyu.edu/classes/stephens/IDLE-2.html]
[www.nyu.edu/classes/stephens/IDLE.ram]
[www.nyu.edu/classes/stephens/--stop--.html]
[www.nyu.edu/classes/stephens/Their_Eyes-2.html]
[www.nyu.edu/classes/stephens/Their_Eyes.ram]
[www.nyu.edu/classes/stephens/Uncomfortable_Information-2.html]
[www.nyu.edu/classes/stephens/Uncomfortable_Information.ram]
[www.nyu.edu/classes/stephens/Noise_Video-2.html]
[www.nyu.edu/classes/stephens/Noise_Video.ram]
[www.nyu.edu/classes/stephens/Elian_video-2.html]
[www.nyu.edu/classes/stephens/Elian_video.ram]
[www.nyu.edu/classes/stephens/Believe_Video-2.html]
[www.nyu.edu/classes/stephens/Believe_Video.ram]
[www.nyu.edu/classes/stephens/Kids_Today_Video-2.html]
[www.nyu.edu/classes/stephens/Kids_Today_Video.ram]
[www.nyu.edu/classes/stephens/favorites page.html]
